This sentence is written by program.
